// Jest Snapshot v1, https://goo.gl/fbAQLP

exports[`alias.rb 1`] = `
alias $foo $bar

alias store []=

alias :foo :bar

alias foo bar
~~~~~~~~~~~~~~~~~~~~~~~~~~~~~~~~~~~~~~~~~~~~~~~~~~~~~~~~~~~~~~~~~~~~~~~~~~~~~~~~
alias $foo $bar

alias store []=

alias :foo :bar

alias foo bar

`;
