// Jest Snapshot v1, https://goo.gl/fbAQLP

exports[`xstrings.rb 1`] = `
\`whoami\`
%x{ ruby --version }
~~~~~~~~~~~~~~~~~~~~~~~~~~~~~~~~~~~~~~~~~~~~~~~~~~~~~~~~~~~~~~~~~~~~~~~~~~~~~~~~
\`whoami\`
\` ruby --version \`

`;
