// Jest Snapshot v1, https://goo.gl/fbAQLP

exports[`undef.rb 1`] = `
undef foo

undef foo, bar
~~~~~~~~~~~~~~~~~~~~~~~~~~~~~~~~~~~~~~~~~~~~~~~~~~~~~~~~~~~~~~~~~~~~~~~~~~~~~~~~
undef foo
undef foo, bar

`;
