// Jest Snapshot v1, https://goo.gl/fbAQLP

exports[`boolean.rb 1`] = `
true
false
~~~~~~~~~~~~~~~~~~~~~~~~~~~~~~~~~~~~~~~~~~~~~~~~~~~~~~~~~~~~~~~~~~~~~~~~~~~~~~~~
true
false

`;
