// Jest Snapshot v1, https://goo.gl/fbAQLP

exports[`nil.rb 1`] = `
nil~~~~~~~~~~~~~~~~~~~~~~~~~~~~~~~~~~~~~~~~~~~~~~~~~~~~~~~~~~~~~~~~~~~~~~~~~~~~~~~~
nil

`;
