// Jest Snapshot v1, https://goo.gl/fbAQLP

exports[`defined?.rb - ruby-verify: defined?.rb 1`] = `
defined? foo
defined?((a, b = 1, 2))~~~~~~~~~~~~~~~~~~~~~~~~~~~~~~~~~~~~~~~~~~~~~~~~~~~~~~~~~~~~~~~~~~~~~~~~~~~~~~~~
defined? foo
defined?((a, b = 1, 2))

`;
