// Jest Snapshot v1, https://goo.gl/fbAQLP

exports[`next.rb - ruby-verify: next.rb 1`] = `
next

next foo, bar~~~~~~~~~~~~~~~~~~~~~~~~~~~~~~~~~~~~~~~~~~~~~~~~~~~~~~~~~~~~~~~~~~~~~~~~~~~~~~~~
next
next foo, bar

`;
