// Jest Snapshot v1, https://goo.gl/fbAQLP

exports[`regexp.rb 1`] = `
/\\A[\\w+-_]+\\Z/mi
/foo/u
/foo/e
/foo/s
/foo/n
/foo/i

/foo(bar)/

float_pat = /\\A
    [[:digit:]]+ # 1 or more digits before the decimal point
    (\\.          # Decimal point
        [[:digit:]]+ # 1 or more digits after the decimal point
    )? # The decimal point and following digits are optional
\\Z/x
~~~~~~~~~~~~~~~~~~~~~~~~~~~~~~~~~~~~~~~~~~~~~~~~~~~~~~~~~~~~~~~~~~~~~~~~~~~~~~~~
/\\A[\\w+-_]+\\Z/mi
/foo/u
/foo/e
/foo/s
/foo/n
/foo/i
/foo(bar)/
float_pat =
  /\\A
    [[:digit:]]+ # 1 or more digits before the decimal point
    (\\.          # Decimal point
        [[:digit:]]+ # 1 or more digits after the decimal point
    )? # The decimal point and following digits are optional
\\Z/x

`;
