// Jest Snapshot v1, https://goo.gl/fbAQLP

exports[`defs.rb - ruby-verify: defs.rb 1`] = `
def self.root_level=(level)
  @root_level = level
end
~~~~~~~~~~~~~~~~~~~~~~~~~~~~~~~~~~~~~~~~~~~~~~~~~~~~~~~~~~~~~~~~~~~~~~~~~~~~~~~~
def self.root_level=(level)
  @root_level = level
end

`;
