// Jest Snapshot v1, https://goo.gl/fbAQLP

exports[`integers.rb - ruby-verify: integers.rb 1`] = `
100
123
~~~~~~~~~~~~~~~~~~~~~~~~~~~~~~~~~~~~~~~~~~~~~~~~~~~~~~~~~~~~~~~~~~~~~~~~~~~~~~~~
100
123

`;
