// Jest Snapshot v1, https://goo.gl/fbAQLP

exports[`imaginary.rb - ruby-verify: imaginary.rb 1`] = `
1.2345i
~~~~~~~~~~~~~~~~~~~~~~~~~~~~~~~~~~~~~~~~~~~~~~~~~~~~~~~~~~~~~~~~~~~~~~~~~~~~~~~~
1.2345i

`;
