// Jest Snapshot v1, https://goo.gl/fbAQLP

exports[`BEGIN.rb 1`] = `
BEGIN { 1; 2 }
~~~~~~~~~~~~~~~~~~~~~~~~~~~~~~~~~~~~~~~~~~~~~~~~~~~~~~~~~~~~~~~~~~~~~~~~~~~~~~~~
BEGIN {
  1
  2
}

`;
