// Jest Snapshot v1, https://goo.gl/fbAQLP

exports[`END.rb 1`] = `
END { 1; 2 }
~~~~~~~~~~~~~~~~~~~~~~~~~~~~~~~~~~~~~~~~~~~~~~~~~~~~~~~~~~~~~~~~~~~~~~~~~~~~~~~~
END {
  1
  2
}

`;
