// Jest Snapshot v1, https://goo.gl/fbAQLP

exports[`break.rb 1`] = `
break

break foo, bar
~~~~~~~~~~~~~~~~~~~~~~~~~~~~~~~~~~~~~~~~~~~~~~~~~~~~~~~~~~~~~~~~~~~~~~~~~~~~~~~~
break
break foo, bar

`;
